
> dezebian@0.1.0 build
> next build

Γû▓ Next.js 16.1.6 (Turbopack)
- Environments: .env.local

  Creating an optimized production build ...
Γ£ô Compiled successfully in 15.5s
  Running TypeScript ...
  Collecting page data using 3 workers ...
  Generating static pages using 3 workers (0/10) ...
  Generating static pages using 3 workers (2/10) 
  Generating static pages using 3 workers (4/10) 
  Generating static pages using 3 workers (7/10) 
Γ£ô Generating static pages using 3 workers (10/10) in 942.0ms
  Finalizing page optimization ...

Route (app)
Γöî Γùï /
Γö£ Γùï /_not-found
Γö£ ╞Æ /api/content-tables
Γö£ ╞Æ /api/reels-content
Γö£ ╞Æ /api/reels-content/[id]
Γö£ ╞Æ /api/select-options
Γö£ Γùï /dashboard
Γö£ Γùï /dashboard/kategori-konten
Γö£ Γùï /dashboard/reels-content
Γöö ╞Æ /dashboard/reels-content/[id]


Γùï  (Static)   prerendered as static content
╞Æ  (Dynamic)  server-rendered on demand

